// Jest Snapshot v1, https://goo.gl/fbAQLP

exports[`Home Component matches snapshot 1`] = `
[
  <svg
    className="logo"
    height="1.5067in"
    version="1.1"
    viewBox="0 0 391 452"
    width="1.3033in"
    xmlns="http://www.w3.org/2000/svg"
  >
    <path
      d="m355.12 40.38c2.38-2.07 22.26-16.13 25.19-18.07-16 0.63-30.37 11.38-30.93 11.81-2.4 1.66-22.61 20.31-24.25 21.84-19.41-19.67-54.52-47-105.8-53.63-74-10.66-128.66 32.34-146.33 50-31.33 30.34-65.33 90-71 150s9 97.34 15 113.34 39 91.66 105.33 120c66.34 28.33 123.34 13 163.34-6.34 59.33-33 85.78-87.06 98.78-137.06 1.82-8.27 1.55-9.09 1.55-15.54-0.06-3.61-5.38-11.04-16.09-11-4.73 0-47.91 0.09-56.27 0.27-14.55 0.36-27.64 6.91-31.64 14-3.09 5.27-27.09 107.82-106.36 126-22.91 3.82-46.73 3.27-69.82-9.09-36.82-21.41-70.07-67.91-78.57-129.91-7-59.75-0.75-85.5 7-111.5 10.25-32.5 37.75-83.88 75.75-101.38 2.62-1.12 24.38-12.37 52.88-11.62 10.62 0.88 48.67 3.32 83.37 54.75 4.97 8.11 9.36 15.86 13.12 23.06-9.21 10.53-24.1 29.14-36.82 64.42-12.73 35.27-15.46 100.36-15.46 100.36s-0.49 8.87-1.12 8.87c-0.64 0-1.24-1.51-1.7-2.41-0.45-0.91-35.54-72.64-37.18-76.1-1.64-3.45-5.27-9.63-8.18-9.63-4.55-0.18-6.18 3.82-9.64 10.18-6.37 11.88-38.02 93.75-42.27 106-1.45 3.73-3.09 7.73-4 7.75-2-0.25-1.75-5.63-2-8s-2-120.25-2.12-126c-0.13-5.75-3.76-5.63-5.63-5.63s-2.85-0.55-5.13 1.63c-2.27 2.18-39.09 36.89-38 38.25 2.19 2.73 6.7 5 9.88 3.18 1.45-1.09 25.82-25.73 25.82-25.73 0.53-0.54 1.01-0.71 1.83-0.45 0.83 0.26 1.31 1.48 1.23 2.5-0.13 1.88 1.39 113.5 1.48 118.23 0.64 8.54 3.28 26.45 9.55 26.36 3.36 0.09 5.64-3.18 7.54-7.18 2.19-4.55 30.73-80.09 45.91-114.09 0.91-1.73 2.94-6.25 4.12-6.21 1.17 0.04 2.48 3.39 3.77 6.01 1 2.5 35.5 76.26 49 93.38 1.5 1.69 3.75 4.19 6.1 4.13 1.78 0 2.22-1.65 2.2-3.58 1.09-48.37 3.27-101.64 16-141.1 6.54-21.27 21.07-45.07 29.83-54.57 15 31.12 17.77 54.03 20.17 96.94 1.09 7.63 11.27 23.45 34.72 25.09 11.09 0.54 46.37-0.36 50.37-0.18 5.09-0.37 20.91-5.09 21.09-31.82-0.37-88.55-41.73-139.79-59.85-158.91 1.67-1.51 18.13-17.36 24.24-21.62z"
      fill="currentColor"
      stroke="none"
    />
  </svg>,
  <div
    className="contentBlock"
  >
    <section
      className="headingBlock"
    >
      <div
        className="container center"
      >
        <div
          className="wrapper"
        >
          <h1
            className="tag"
          >
            Tamsui
          </h1>
        </div>
      </div>
      <article>
        <p
          className="tagline"
        >
          An Express / TypeScript / React server-side rendered universal JavaScript application boilerplate
        </p>
        <p>
          Tamsui is a 
          <a
            href="https://nodejs.org/en"
            rel="noreferrer"
            target="_blank"
          >
            Node.js
          </a>
           boilerplate using 
          <a
            href="https://www.typescriptlang.org/"
            rel="noreferrer"
            target="_blank"
          >
            TypeScript
          </a>
           and 
          <a
            href="https://react.dev/"
            rel="noreferrer"
            target="_blank"
          >
            React
          </a>
          . It provides server-side rendering using an 
          <a
            href="https://expressjs.com/"
            rel="noreferrer"
            target="_blank"
          >
            Express
          </a>
           webserver for a client-side 
          <a
            href="https://react.dev/"
            rel="noreferrer"
            target="_blank"
          >
            React
          </a>
           application.
        </p>
        <p>
          Tamsui renders a React application to a 
          <a
            href="https://nodejs.org/api/stream.html"
            rel="noreferrer"
            target="_blank"
          >
            Node.js stream
          </a>
           utilizing React 18's 
          <a
            href="https://react.dev/reference/react-dom/server/renderToPipeableStream"
            rel="noreferrer"
            target="_blank"
          >
            renderToPipeableStream method
          </a>
          .
        </p>
      </article>
    </section>
    <section
      className="headingBlock"
    >
      <div
        className="container"
        onMouseEnter={[Function]}
        onMouseLeave={[Function]}
      >
        <div
          className="wrapper"
        >
          <h2
            className="tag"
          >
            Mission Intent
          </h2>
          <a
            aria-labelledby="Mission-Intent"
            className="link"
            href="#Mission-Intent"
            id="Mission-Intent"
          >
            <svg
              height="1.75rem"
              viewBox="0 0 24 24"
              width="1.75rem"
              xmlns="http://www.w3.org/2000/svg"
            >
              <g
                fill="none"
                stroke="currentColor"
                strokeLinecap="round"
                strokeLinejoin="round"
                strokeWidth={2.5}
              >
                <path
                  d="M14 11.998C14 9.506 11.683 7 8.857 7H7.143C4.303 7 2 9.238 2 11.998c0 2.378 1.71 4.368 4 4.873a5.3 5.3 0 0 0 1.143.124"
                />
                <path
                  d="M10 11.998c0 2.491 2.317 4.997 5.143 4.997h1.714c2.84 0 5.143-2.237 5.143-4.997c0-2.379-1.71-4.37-4-4.874A5.3 5.3 0 0 0 16.857 7"
                />
              </g>
            </svg>
          </a>
        </div>
      </div>
      <article>
        <p>
          Tamsui is meant to be a baseline boilerplate for starting new projects. 
            The intent of this boilerplate is to provide a thorough project start 
            utilizing a specific set of tech stack and implementation decisions while 
            remaining as simple as possible. This boilerplate will provide a foundation 
            for building out a client served by a webserver that acts as a 
          <a
            href="https://learn.microsoft.com/en-us/azure/architecture/patterns/backends-for-frontends"
            rel="noreferrer"
            target="_blank"
          >
            backend for frontend
          </a>
          .
        </p>
        <p>
          Documentation for this project will be thorough, test coverage will be complete. To that end unit tests coverage requirements are set to 100%.
        </p>
        <p>
          Any non-trivial decisions made within this project will be documented. 
            Technical decisions will be documented in 
          <a
            href="https://github.com/chichiwang/tamsui/pulls?q=is%3Aclosed"
            rel="noreferrer"
            target="_blank"
          >
            pull request descriptions
          </a>
          , project decisions documented in a 
          <a
            href="https://github.com/users/chichiwang/projects/1"
            rel="noreferrer"
            target="_blank"
          >
            project board
          </a>
          .
        </p>
      </article>
    </section>
    <section
      className="headingBlock"
    >
      <div
        className="container"
        onMouseEnter={[Function]}
        onMouseLeave={[Function]}
      >
        <div
          className="wrapper"
        >
          <h3
            className="tag"
          >
            What Tamsui Is Not
          </h3>
          <a
            aria-labelledby="What-Tamsui-Is-Not"
            className="link"
            href="#What-Tamsui-Is-Not"
            id="What-Tamsui-Is-Not"
          >
            <svg
              height="1.75rem"
              viewBox="0 0 24 24"
              width="1.75rem"
              xmlns="http://www.w3.org/2000/svg"
            >
              <g
                fill="none"
                stroke="currentColor"
                strokeLinecap="round"
                strokeLinejoin="round"
                strokeWidth={2.5}
              >
                <path
                  d="M14 11.998C14 9.506 11.683 7 8.857 7H7.143C4.303 7 2 9.238 2 11.998c0 2.378 1.71 4.368 4 4.873a5.3 5.3 0 0 0 1.143.124"
                />
                <path
                  d="M10 11.998c0 2.491 2.317 4.997 5.143 4.997h1.714c2.84 0 5.143-2.237 5.143-4.997c0-2.379-1.71-4.37-4-4.874A5.3 5.3 0 0 0 16.857 7"
                />
              </g>
            </svg>
          </a>
        </div>
      </div>
      <article>
        <p>
          Tamsui is an 
          <a
            href="https://en.wikipedia.org/wiki/Isomorphic_JavaScript"
            rel="noreferrer"
            target="_blank"
          >
            isomorphic JavaScript
          </a>
           application. The 
          <a
            href="https://expressjs.com/"
            rel="noreferrer"
            target="_blank"
          >
            Express
          </a>
           server that renders the application is intended to serve as a simple 
          <a
            href="https://learn.microsoft.com/en-us/azure/architecture/patterns/backends-for-frontends"
            rel="noreferrer"
            target="_blank"
          >
            backend for frontend
          </a>
          , not a full fledged backend for business logic.
        </p>
        <p>
          Tamsui is meant to be a starting point for building a frontend layer, not an entire business application. 
              Any backend API for managing business logic should not be built on top of Tamsui, and should exist outside 
              of any application built on top of this boilerplate.
        </p>
      </article>
    </section>
    <section
      className="printPageBreak headingBlock"
    >
      <div
        className="container"
        onMouseEnter={[Function]}
        onMouseLeave={[Function]}
      >
        <div
          className="wrapper"
        >
          <h2
            className="tag"
          >
            Tech Stack
          </h2>
          <a
            aria-labelledby="Tech-Stack"
            className="link"
            href="#Tech-Stack"
            id="Tech-Stack"
          >
            <svg
              height="1.75rem"
              viewBox="0 0 24 24"
              width="1.75rem"
              xmlns="http://www.w3.org/2000/svg"
            >
              <g
                fill="none"
                stroke="currentColor"
                strokeLinecap="round"
                strokeLinejoin="round"
                strokeWidth={2.5}
              >
                <path
                  d="M14 11.998C14 9.506 11.683 7 8.857 7H7.143C4.303 7 2 9.238 2 11.998c0 2.378 1.71 4.368 4 4.873a5.3 5.3 0 0 0 1.143.124"
                />
                <path
                  d="M10 11.998c0 2.491 2.317 4.997 5.143 4.997h1.714c2.84 0 5.143-2.237 5.143-4.997c0-2.379-1.71-4.37-4-4.874A5.3 5.3 0 0 0 16.857 7"
                />
              </g>
            </svg>
          </a>
        </div>
      </div>
      <article>
        <div
          className="fullStackContainer"
        >
          <div
            className="stackContainer"
          >
            <div
              className="stack"
            >
              <h3
                className="title"
              >
                Server
              </h3>
              <div
                className="link"
              >
                <a
                  href="https://nodejs.org/en"
                  rel="noreferrer"
                  target="_blank"
                >
                  Node.js
                </a>
              </div>
              <div
                className="link"
              >
                <a
                  href="https://expressjs.com/"
                  rel="noreferrer"
                  target="_blank"
                >
                  Express
                </a>
              </div>
              <div
                className="link"
              >
                <a
                  href="https://react.dev/"
                  rel="noreferrer"
                  target="_blank"
                >
                  React
                </a>
              </div>
              <div
                className="link"
              >
                <a
                  href="https://reactrouter.com/en/main/guides/ssr"
                  rel="noreferrer"
                  target="_blank"
                >
                  React Router
                </a>
              </div>
              <div
                className="link"
              >
                <a
                  href="https://getpino.io/"
                  rel="noreferrer"
                  target="_blank"
                >
                  Pino
                </a>
              </div>
            </div>
          </div>
          <div
            className="stackContainer"
          >
            <div
              className="stack"
            >
              <h3
                className="title"
              >
                Client
              </h3>
              <div
                className="link"
              >
                <a
                  href="https://react.dev/"
                  rel="noreferrer"
                  target="_blank"
                >
                  React
                </a>
              </div>
              <div
                className="link"
              >
                <a
                  href="https://reactrouter.com/en/main/guides/ssr"
                  rel="noreferrer"
                  target="_blank"
                >
                  React Router
                </a>
              </div>
            </div>
          </div>
          <div
            className="stackContainer"
          >
            <div
              className="stack"
            >
              <h3
                className="title"
              >
                Developer Tooling
              </h3>
              <div
                className="link"
              >
                <a
                  href="https://www.typescriptlang.org/"
                  rel="noreferrer"
                  target="_blank"
                >
                  TypeScript
                </a>
              </div>
              <div
                className="link"
              >
                <a
                  href="https://sass-lang.com/"
                  rel="noreferrer"
                  target="_blank"
                >
                  Sass
                </a>
              </div>
              <div
                className="link"
              >
                <a
                  href="https://webpack.js.org/"
                  rel="noreferrer"
                  target="_blank"
                >
                  Webpack
                </a>
              </div>
              <div
                className="link"
              >
                <a
                  href="https://babeljs.io/"
                  rel="noreferrer"
                  target="_blank"
                >
                  Babel
                </a>
              </div>
              <div
                className="link"
              >
                <a
                  href="https://jestjs.io/"
                  rel="noreferrer"
                  target="_blank"
                >
                  Jest
                </a>
              </div>
              <div
                className="link"
              >
                <a
                  href="https://testing-library.com/docs/react-testing-library/intro/"
                  rel="noreferrer"
                  target="_blank"
                >
                  React Testing Library
                </a>
              </div>
              <div
                className="link"
              >
                <a
                  href="https://eslint.org/"
                  rel="noreferrer"
                  target="_blank"
                >
                  Eslint
                </a>
              </div>
            </div>
          </div>
        </div>
      </article>
    </section>
    <section
      className="headingBlock"
    >
      <div
        className="container"
        onMouseEnter={[Function]}
        onMouseLeave={[Function]}
      >
        <div
          className="wrapper"
        >
          <h2
            className="tag"
          >
            Usage
          </h2>
          <a
            aria-labelledby="Usage"
            className="link"
            href="#Usage"
            id="Usage"
          >
            <svg
              height="1.75rem"
              viewBox="0 0 24 24"
              width="1.75rem"
              xmlns="http://www.w3.org/2000/svg"
            >
              <g
                fill="none"
                stroke="currentColor"
                strokeLinecap="round"
                strokeLinejoin="round"
                strokeWidth={2.5}
              >
                <path
                  d="M14 11.998C14 9.506 11.683 7 8.857 7H7.143C4.303 7 2 9.238 2 11.998c0 2.378 1.71 4.368 4 4.873a5.3 5.3 0 0 0 1.143.124"
                />
                <path
                  d="M10 11.998c0 2.491 2.317 4.997 5.143 4.997h1.714c2.84 0 5.143-2.237 5.143-4.997c0-2.379-1.71-4.37-4-4.874A5.3 5.3 0 0 0 16.857 7"
                />
              </g>
            </svg>
          </a>
        </div>
      </div>
      <article>
        <p>
          Usage documentation is provided on the 
          <a
            href="/documentation"
            onClick={[Function]}
          >
            Documentation page
          </a>
          .
        </p>
      </article>
    </section>
  </div>,
]
`;
